     1                                  section .data
     2 00000000 48656C6C6F20576F72-     	msg db "Hello World" , 0 ; Инициализируем перменную msg  и записываем в нее сообщение
     2 00000009 6C6400             
     3 0000000C 0C                      	msglen db $-msg	; Инициализируем переменную msglen и записываем в нее доину сообщения msg ( $ - хранит адресс текущего учатска кода  )
     4                                  
     5                                  section .bss	; Блок неинициализируемых данных
     6                                  
     7                                  section .text	; Блок кода
     8                                  	global main
     9                                  
    10                                  main:
    11 00000000 4831C0                  	xor rax , rax	
    12 00000003 48FFC0                  	inc rax		; Помещаем 1 в rax так как это код системного вызова WRITE		
    13                                  
    14 00000006 4831FF                  	xor rdi , rdi,
    15 00000009 48FFC7                  	inc rdi			; Помещаем 1 в rdi так как это код стандартного потока stdout
    16                                  
    17 0000000C 48BE-                   	mov rsi , msg	; В rsi помещаем указатель на первый символ сообщение 
    17 0000000E [0000000000000000] 
    18 00000016 48BA-                   	mov rdx , msglen	; В rdx помещаем длину сообщения
    18 00000018 [0C00000000000000] 
    19 00000020 0F05                    	syscall				
    20 00000022 B83C000000              	mov rax , 60		; Помещаем в rax 60 - это код выхода из программы
    21 00000027 BF00000000              	mov rdi , 0			; Помещаем в rdi 0 - это код ошибки (0 -  ошибок нет)
    22 0000002C 0F05                    	syscall
